[promo-theme.com/cropit-wp/gallery/grid/col-4/index.html]
[backblue.gif]
[fade.gif]
[index.html]
[promo-theme.com/cropit-wp/wp-includes/css/dist/block-library/style.min3bea.css]
[promo-theme.com/cropit-wp/wp-content/plugins/woocommerce/packages/woocommerce-blocks/build/vendors-stylecce7.css]
[promo-theme.com/cropit-wp/wp-content/plugins/woocommerce/packages/woocommerce-blocks/build/stylecce7.css]
[promo-theme.com/cropit-wp/wp-content/plugins/contact-form-7/includes/css/styles91d5.css]
[promo-theme.com/cropit-wp/wp-content/plugins/unyson/framework/extensions/builder/static/css/frontend-gridd115.css]
[promo-theme.com/cropit-wp/wp-content/plugins/unyson/framework/extensions/forms/static/css/frontendda48.css]
[promo-theme.com/cropit-wp/wp-content/themes/cropit/js/owl.carousel/owl.carousel3bea.css]
[promo-theme.com/cropit-wp/wp-content/plugins/unyson/framework/extensions/shortcodes/shortcodes/section/static/css/background3bea.css]
[promo-theme.com/cropit-wp/wp-content/plugins/unyson/framework/extensions/shortcodes/shortcodes/section/static/css/styles3bea.css]
[promo-theme.com/cropit-wp/wp-content/themes/cropit/style3bea.css]
[promo-theme.com/cropit-wp/wp-content/themes/cropit/css/fonts3bea.css]
[promo-theme.com/cropit-wp/wp-content/themes/cropit/css/magnific-popup3bea.css]
[promo-theme.com/cropit-wp/wp-content/themes/cropit/css/icon-font3bea.css]
[promo-theme.com/cropit-wp/wp-content/themes/cropit/css/social-icons3bea.css]
[promo-theme.com/cropit-wp/wp-content/themes/cropit/css/photoswipe3bea.css]
[promo-theme.com/cropit-wp/wp-content/themes/cropit/css/default-skin3bea.css]
[promo-theme.com/cropit-wp/wp-content/themes/cropit/css/woocommerce3bea.css]
[promo-theme.com/cropit-wp/wp-content/themes/cropit/css/woocommerce-layout3bea.css]
[promo-theme.com/cropit-wp/wp-content/themes/cropit/css/frontend-grid3bea.css]
[promo-theme.com/cropit-wp/wp-content/themes/cropit/css/style3bea.css]
[promo-theme.com/cropit-wp/wp-content/themes/cropit/css/mobile3bea.css]
[promo-theme.com/cropit-wp/wp-includes/js/jquery/jquery.min9d52.js]
[promo-theme.com/cropit-wp/wp-includes/js/jquery/jquery-migrate.mind617.js]
[promo-theme.com/cropit-wp/wp-content/plugins/wp-retina-2x/app/picturefill.mind601.js]
[promo-theme.com/cropit-wp/wp-content/themes/cropit/js/owl.carousel/owl.carousel.min3bea.js]
[promo-theme.com/cropit-wp/wp-content/themes/cropit/framework-customizations/extensions/shortcodes/shortcodes/portfolio/static/js/isotope.pkgd.min3bea.js]
[promo-theme.com/cropit-wp/wp-content/themes/cropit/framework-customizations/extensions/shortcodes/shortcodes/portfolio/static/js/masonry.pkgd.min3bea.js]
[promo-theme.com/cropit-wp/wp-content/themes/cropit/framework-customizations/extensions/shortcodes/shortcodes/portfolio/static/js/jquery.mousewheel.min3bea.js]
[promo-theme.com/cropit-wp/wp-content/uploads/2016/10/favicon144.png]
[promo-theme.com/cropit-wp/wp-content/uploads/2016/09/logo.png]
[promo-theme.com/cropit-wp/wp-content/uploads/2016/09/logo-light.png]
[promo-theme.com/cropit-wp/wp-content/uploads/2017/03/wedding_img14-100x100.png]
[promo-theme.com/cropit-wp/wp-content/uploads/2017/03/wedding_img13-100x100.jpg]
[promo-theme.com/cropit-wp/wp-content/uploads/2017/03/wedding_img12-100x100.png]
[promo-theme.com/cropit-wp/wp-content/uploads/2017/03/wedding_img11-100x100.png]
[promo-theme.com/cropit-wp/wp-content/uploads/2017/03/wedding_img10-100x100.png]
[promo-theme.com/cropit-wp/wp-content/uploads/2017/03/wedding_img9-100x100.png]
[promo-theme.com/cropit-wp/wp-content/uploads/2017/03/wedding_img8-100x100.png]
[promo-theme.com/cropit-wp/wp-content/uploads/2017/03/wedding_img7-100x100.png]
[promo-theme.com/cropit-wp/wp-content/uploads/2017/03/wedding_img6-100x100.png]
[promo-theme.com/cropit-wp/wp-content/uploads/2016/09/img12-1.jpg]
[promo-theme.com/cropit-wp/wp-content/uploads/2016/09/img12-1-1000x536.jpg]
[promo-theme.com/cropit-wp/wp-content/uploads/2016/09/img11-1.jpg]
[promo-theme.com/cropit-wp/wp-content/uploads/2016/09/img11-1-1000x485.jpg]
[promo-theme.com/cropit-wp/wp-content/uploads/2016/09/img10-1.jpg]
[promo-theme.com/cropit-wp/wp-content/uploads/2016/09/img10-1-1000x581.jpg]
[promo-theme.com/cropit-wp/wp-content/uploads/2016/09/img9-1.jpg]
[promo-theme.com/cropit-wp/wp-content/uploads/2016/09/img9-1-1000x698.jpg]
[promo-theme.com/cropit-wp/wp-content/uploads/2016/09/img8-1.jpg]
[promo-theme.com/cropit-wp/wp-content/uploads/2016/09/img8-1-1000x730.jpg]
[promo-theme.com/cropit-wp/wp-content/uploads/2016/09/img7-1.jpg]
[promo-theme.com/cropit-wp/wp-content/uploads/2016/09/img7-1-1000x676.jpg]
[promo-theme.com/cropit-wp/wp-content/uploads/2016/09/img6-1.jpg]
[promo-theme.com/cropit-wp/wp-content/uploads/2016/09/img6-1-1000x794.jpg]
[promo-theme.com/cropit-wp/wp-content/uploads/2016/09/img4-1.jpg]
[promo-theme.com/cropit-wp/wp-content/uploads/2016/09/img4-1-1000x742.jpg]
[promo-theme.com/cropit-wp/wp-content/uploads/2016/09/img5-1.jpg]
[promo-theme.com/cropit-wp/wp-content/uploads/2016/09/img5-1-1000x735.jpg]
[promo-theme.com/cropit-wp/wp-content/uploads/2016/09/img3-1.jpg]
[promo-theme.com/cropit-wp/wp-content/uploads/2016/09/img3-1-1000x708.jpg]
[promo-theme.com/cropit-wp/wp-content/uploads/2016/09/img2-1.jpg]
[promo-theme.com/cropit-wp/wp-content/uploads/2016/09/img2-1-1000x706.jpg]
[promo-theme.com/cropit-wp/wp-content/uploads/2016/09/img1-1.jpg]
[promo-theme.com/cropit-wp/wp-content/uploads/2016/09/img1-1-1000x712.jpg]
[promo-theme.com/cropit-wp/wp-content/uploads/2016/12/p-img1.jpg]
[promo-theme.com/cropit-wp/wp-content/uploads/2016/12/p-img1-1000x668.jpg]
[promo-theme.com/cropit-wp/wp-content/uploads/2016/12/p-img2.jpg]
[promo-theme.com/cropit-wp/wp-content/uploads/2016/12/p-img2-1000x688.jpg]
[promo-theme.com/cropit-wp/wp-content/uploads/2016/12/p-img3.jpg]
[promo-theme.com/cropit-wp/wp-content/uploads/2016/12/p-img3-1000x1503.jpg]
[promo-theme.com/cropit-wp/wp-content/uploads/2016/12/p-img4.jpg]
[promo-theme.com/cropit-wp/wp-content/uploads/2016/12/p-img4-1000x461.jpg]
[promo-theme.com/cropit-wp/wp-content/uploads/2016/12/p-img5.jpg]
[promo-theme.com/cropit-wp/wp-content/uploads/2016/12/p-img5-1000x665.jpg]
[promo-theme.com/cropit-wp/wp-content/uploads/2016/12/p-img6.jpg]
[promo-theme.com/cropit-wp/wp-content/uploads/2016/12/p-img6-1000x1338.jpg]
[promo-theme.com/cropit-wp/wp-content/uploads/2016/12/p-img7.jpg]
[promo-theme.com/cropit-wp/wp-content/uploads/2016/12/p-img7-1000x667.jpg]
[promo-theme.com/cropit-wp/wp-content/uploads/2016/12/p-img8.jpg]
[promo-theme.com/cropit-wp/wp-content/uploads/2016/12/p-img8-1000x674.jpg]
[promo-theme.com/cropit-wp/wp-content/uploads/2016/12/p-img9.jpg]
[promo-theme.com/cropit-wp/wp-content/uploads/2016/12/p-img9-1000x1392.jpg]
[promo-theme.com/cropit-wp/wp-content/uploads/2016/12/p-img10.jpg]
[promo-theme.com/cropit-wp/wp-content/uploads/2016/12/p-img10-1000x666.jpg]
[promo-theme.com/cropit-wp/wp-content/uploads/2016/12/p-img11.jpg]
[promo-theme.com/cropit-wp/wp-content/uploads/2016/12/p-img11-1000x763.jpg]
[promo-theme.com/cropit-wp/wp-content/uploads/2016/12/p-img12.jpg]
[promo-theme.com/cropit-wp/wp-content/uploads/2016/12/p-img12-1000x669.jpg]
[promo-theme.com/cropit-wp/wp-content/uploads/2017/03/wedding_img1.png]
[promo-theme.com/cropit-wp/wp-content/uploads/2017/03/wedding_img1-1000x667.png]
[promo-theme.com/cropit-wp/wp-content/uploads/2017/03/wedding_img2.png]
[promo-theme.com/cropit-wp/wp-content/uploads/2017/03/wedding_img2-1000x1000.png]
[promo-theme.com/cropit-wp/wp-content/uploads/2017/03/wedding_img3.png]
[promo-theme.com/cropit-wp/wp-content/uploads/2017/03/wedding_img3-1000x667.png]
[promo-theme.com/cropit-wp/wp-content/uploads/2017/03/wedding_img4.png]
[promo-theme.com/cropit-wp/wp-content/uploads/2017/03/wedding_img4-1000x1000.png]
[promo-theme.com/cropit-wp/wp-content/uploads/2017/03/wedding_img5.png]
[promo-theme.com/cropit-wp/wp-content/uploads/2017/03/wedding_img5-1000x408.png]
[promo-theme.com/cropit-wp/wp-content/uploads/2017/03/wedding_img6.png]
[promo-theme.com/cropit-wp/wp-content/uploads/2017/03/wedding_img6-1000x1178.png]
[promo-theme.com/cropit-wp/wp-content/uploads/2017/03/wedding_img7.png]
[promo-theme.com/cropit-wp/wp-content/uploads/2017/03/wedding_img7-1000x667.png]
[promo-theme.com/cropit-wp/wp-content/uploads/2017/03/wedding_img8.png]
[promo-theme.com/cropit-wp/wp-content/uploads/2017/03/wedding_img8-1000x667.png]
[promo-theme.com/cropit-wp/wp-content/uploads/2017/03/wedding_img9.png]
[promo-theme.com/cropit-wp/wp-content/uploads/2017/03/wedding_img9-1000x1000.png]
[promo-theme.com/cropit-wp/wp-content/uploads/2017/03/wedding_img10.png]
[promo-theme.com/cropit-wp/wp-content/uploads/2017/03/wedding_img10-1000x623.png]
[promo-theme.com/cropit-wp/wp-content/uploads/2017/03/wedding_img11.png]
[promo-theme.com/cropit-wp/wp-content/uploads/2017/03/wedding_img11-1000x1000.png]
[promo-theme.com/cropit-wp/wp-content/uploads/2017/03/wedding_img12.png]
[promo-theme.com/cropit-wp/wp-content/uploads/2017/03/wedding_img12-1000x750.png]
[promo-theme.com/cropit-wp/wp-content/uploads/2017/03/wedding_img13.jpg]
[promo-theme.com/cropit-wp/wp-content/uploads/2017/03/wedding_img13-1000x667.jpg]
[promo-theme.com/cropit-wp/wp-content/uploads/2017/03/wedding_img14.png]
[promo-theme.com/cropit-wp/wp-content/uploads/2017/03/wedding_img14-1000x641.png]
[promo-theme.com/cropit-wp/wp-includes/js/dist/vendor/wp-polyfill.min89b1.js]
[promo-theme.com/cropit-wp/wp-includes/js/dist/vendor/wp-polyfill-fetch.min6e0e.js]
[promo-theme.com/cropit-wp/wp-includes/js/dist/vendor/wp-polyfill-node-contains.min2e00.js]
[promo-theme.com/cropit-wp/wp-includes/js/dist/vendor/wp-polyfill-dom-rect.min2e00.js]
[promo-theme.com/cropit-wp/wp-includes/js/dist/vendor/wp-polyfill-url.min5aed.js]
[promo-theme.com/cropit-wp/wp-includes/js/dist/vendor/wp-polyfill-formdata.mine9bd.js]
[promo-theme.com/cropit-wp/wp-includes/js/dist/vendor/wp-polyfill-element-closest.min4c56.js]
[promo-theme.com/cropit-wp/wp-includes/js/dist/i18n.min9e38.js]
[promo-theme.com/cropit-wp/wp-includes/js/dist/vendor/lodash.mind1d1.js]
[promo-theme.com/cropit-wp/wp-includes/js/dist/url.min1703.js]
[promo-theme.com/cropit-wp/wp-includes/js/dist/hooks.mina32e.js]
[promo-theme.com/cropit-wp/wp-includes/js/dist/api-fetch.mind210.js]
[promo-theme.com/cropit-wp/wp-content/plugins/contact-form-7/includes/js/index91d5.js]
[promo-theme.com/cropit-wp/wp-content/plugins/woocommerce/assets/js/jquery-blockui/jquery.blockUI.min44fd.js]
[promo-theme.com/cropit-wp/wp-content/plugins/woocommerce/assets/js/frontend/add-to-cart.min972f.js]
[promo-theme.com/cropit-wp/wp-content/plugins/woocommerce/assets/js/js-cookie/js.cookie.min6b25.js]
[promo-theme.com/cropit-wp/wp-content/plugins/woocommerce/assets/js/frontend/woocommerce.min972f.js]
[promo-theme.com/cropit-wp/wp-content/plugins/woocommerce/assets/js/frontend/cart-fragments.min972f.js]
[promo-theme.com/cropit-wp/wp-content/plugins/unyson/framework/extensions/shortcodes/shortcodes/section/static/js/core3bea.js]
[promo-theme.com/cropit-wp/wp-content/plugins/unyson/framework/extensions/shortcodes/shortcodes/section/static/js/transition3bea.js]
[promo-theme.com/cropit-wp/wp-content/plugins/unyson/framework/extensions/shortcodes/shortcodes/section/static/js/background3bea.js]
[promo-theme.com/cropit-wp/wp-content/plugins/unyson/framework/extensions/shortcodes/shortcodes/section/static/js/background.init3bea.js]
[promo-theme.com/cropit-wp/wp-content/themes/cropit/js/navigation3bea.js]
[promo-theme.com/cropit-wp/wp-content/themes/cropit/js/cookies3bea.js]
[promo-theme.com/cropit-wp/wp-content/themes/cropit/js/skip-link-focus-fix3bea.js]
[promo-theme.com/cropit-wp/wp-content/themes/cropit/js/photoswipe.min3bea.js]
[promo-theme.com/cropit-wp/wp-content/themes/cropit/js/photoswipe-ui-default.min3bea.js]
[promo-theme.com/cropit-wp/wp-content/themes/cropit/js/jquery.animateNumber.min3bea.js]
[promo-theme.com/cropit-wp/wp-content/themes/cropit/js/jquery.magnific-popup.min3bea.js]
[promo-theme.com/cropit-wp/wp-content/themes/cropit/js/script3bea.js]
[promo-theme.com/cropit-wp/gallery/grid/col-4/index.html]
[promo-theme.com/cropit-wp/wp-includes/css/dist/block-library/style.min3bea.css]
[promo-theme.com/cropit-wp/wp-content/plugins/woocommerce/packages/woocommerce-blocks/build/vendors-stylecce7.css]
[promo-theme.com/cropit-wp/wp-content/plugins/woocommerce/packages/woocommerce-blocks/build/stylecce7.css]
[promo-theme.com/cropit-wp/wp-content/plugins/contact-form-7/includes/css/styles91d5.css]
[promo-theme.com/cropit-wp/wp-content/plugins/unyson/framework/extensions/builder/static/css/frontend-gridd115.css]
[promo-theme.com/cropit-wp/wp-content/plugins/unyson/framework/extensions/forms/static/css/frontendda48.css]
[promo-theme.com/cropit-wp/wp-includes/js/wp-embed.min3bea.js]
[promo-theme.com/cropit-wp/wp-content/themes/cropit/js/owl.carousel/owl.video.play.png]
[promo-theme.com/cropit-wp/wp-content/themes/cropit/js/owl.carousel/owl.carousel3bea.css]
[promo-theme.com/cropit-wp/wp-content/plugins/unyson/framework/extensions/shortcodes/shortcodes/section/static/css/background3bea.css]
[promo-theme.com/cropit-wp/wp-content/plugins/unyson/framework/extensions/shortcodes/shortcodes/section/static/css/styles3bea.css]
[promo-theme.com/cropit-wp/wp-content/themes/cropit/style3bea.css]
[promo-theme.com/cropit-wp/wp-content/themes/cropit/css/fonts3bea.css]
[promo-theme.com/cropit-wp/wp-content/themes/cropit/css/magnific-popup3bea.css]
[promo-theme.com/cropit-wp/wp-content/themes/cropit/css/icon-font3bea.css]
[promo-theme.com/cropit-wp/wp-content/themes/cropit/css/social-icons3bea.css]
[promo-theme.com/cropit-wp/wp-content/themes/cropit/css/photoswipe3bea.css]
[promo-theme.com/cropit-wp/wp-content/themes/cropit/images/default-skin.png]
[promo-theme.com/cropit-wp/wp-content/themes/cropit/images/img-preloader.gif]
[promo-theme.com/cropit-wp/wp-content/themes/cropit/css/default-skin3bea.css]
[promo-theme.com/cropit-wp/wp-content/themes/cropit/css/woocommerce3bea.css]
[promo-theme.com/cropit-wp/wp-content/themes/cropit/css/woocommerce-layout3bea.css]
[promo-theme.com/cropit-wp/wp-content/themes/cropit/css/frontend-grid3bea.css]
[promo-theme.com/cropit-wp/wp-content/themes/cropit/images/preloader-wrap.png]
[promo-theme.com/cropit-wp/wp-content/themes/cropit/images/preloader-spinner.png]
[promo-theme.com/cropit-wp/wp-content/themes/cropit/images/settings-gears.png]
[promo-theme.com/cropit-wp/wp-content/themes/cropit/images/decor-dark.png]
[promo-theme.com/cropit-wp/wp-content/themes/cropit/images/decor.png]
[promo-theme.com/cropit-wp/wp-content/themes/cropit/images/cart.png]
[promo-theme.com/cropit-wp/wp-content/themes/cropit/images/review.png]
[promo-theme.com/cropit-wp/wp-content/themes/cropit/images/review-w.png]
[promo-theme.com/cropit-wp/wp-content/themes/cropit/images/dashed.png]
[promo-theme.com/cropit-wp/wp-content/themes/cropit/images/eye.png]
[promo-theme.com/cropit-wp/wp-content/themes/cropit/images/cart-w.png]
[promo-theme.com/cropit-wp/wp-content/themes/cropit/images/delete.png]
[promo-theme.com/cropit-wp/wp-content/themes/cropit/images/footer-li.png]
[promo-theme.com/cropit-wp/wp-content/themes/cropit/css/style3bea.css]
[promo-theme.com/cropit-wp/wp-content/themes/cropit/css/mobile3bea.css]
[promo-theme.com/cropit-wp/wp-content/themes/cropit/js/owl.carousel/owl.video.play.html]
